// Jest Snapshot v1, https://goo.gl/fbAQLP

exports[`<NewGymPage /> should render with no errors 1`] = `
<div>
  <AddGym />
</div>
`;
