// Jest Snapshot v1, https://goo.gl/fbAQLP

exports[`<GymCard /> should render with no errors 1`] = `
<div>
  <h1 />
  <h2 />
  <button>
    Go
  </button>
</div>
`;
