// Jest Snapshot v1, https://goo.gl/fbAQLP

exports[`<GymList /> should render with no errors 1`] = `<div />`;
